

================================================================
== Vitis HLS Report for 'activation_accelerator_Pipeline_VITIS_LOOP_103_1'
================================================================
* Date:           Fri Nov  7 12:06:09 2025

* Version:        2024.2 (Build 5238294 on Nov  8 2024)
* Project:        activation_accelerator
* Solution:       baseline (Vivado IP Flow Target)
* Product family: zynquplus
* Target device:  xck26-sfvc784-2LV-c


================================================================
== Performance Estimates
================================================================
+ Timing: 
    * Summary: 
    +--------+----------+----------+------------+
    |  Clock |  Target  | Estimated| Uncertainty|
    +--------+----------+----------+------------+
    |ap_clk  |  10.00 ns|  7.300 ns|     2.70 ns|
    +--------+----------+----------+------------+

+ Latency: 
    * Summary: 
    +---------+---------+-----------+-----------+------+------+------------------------------------------------+
    |  Latency (cycles) |   Latency (absolute)  |   Interval  |                    Pipeline                    |
    |   min   |   max   |    min    |    max    |  min |  max |                      Type                      |
    +---------+---------+-----------+-----------+------+------+------------------------------------------------+
    |     3075|     3075|  30.750 us|  30.750 us|  3073|  3073|  loop auto-rewind stp (delay=0 clock cycles(s))|
    +---------+---------+-----------+-----------+------+------+------------------------------------------------+

    + Detail: 
        * Instance: 
        N/A

        * Loop: 
        +--------------------+---------+---------+----------+-----------+-----------+------+----------+
        |                    |  Latency (cycles) | Iteration|  Initiation Interval  | Trip |          |
        |      Loop Name     |   min   |   max   |  Latency |  achieved |   target  | Count| Pipelined|
        +--------------------+---------+---------+----------+-----------+-----------+------+----------+
        |- VITIS_LOOP_103_1  |     3073|     3073|         3|          1|          1|  3072|       yes|
        +--------------------+---------+---------+----------+-----------+-----------+------+----------+



================================================================
== Utilization Estimates
================================================================
* Summary: 
+-----------------+---------+------+--------+--------+-----+
|       Name      | BRAM_18K|  DSP |   FF   |   LUT  | URAM|
+-----------------+---------+------+--------+--------+-----+
|DSP              |        -|     -|       -|       -|    -|
|Expression       |        -|     -|       0|      46|    -|
|FIFO             |        -|     -|       -|       -|    -|
|Instance         |        -|     -|       -|       -|    -|
|Memory           |        -|     -|       -|       -|    -|
|Multiplexer      |        -|     -|       0|      54|    -|
|Register         |        -|     -|     556|       -|    -|
+-----------------+---------+------+--------+--------+-----+
|Total            |        0|     0|     556|     100|    0|
+-----------------+---------+------+--------+--------+-----+
|Available        |      288|  1248|  234240|  117120|   64|
+-----------------+---------+------+--------+--------+-----+
|Utilization (%)  |        0|     0|      ~0|      ~0|    0|
+-----------------+---------+------+--------+--------+-----+

+ Detail: 
    * Instance: 
    N/A

    * DSP: 
    N/A

    * Memory: 
    N/A

    * FIFO: 
    N/A

    * Expression: 
    +--------------------------------+----------+----+---+----+------------+------------+
    |          Variable Name         | Operation| DSP| FF| LUT| Bitwidth P0| Bitwidth P1|
    +--------------------------------+----------+----+---+----+------------+------------+
    |add_ln103_fu_684_p2             |         +|   0|  0|  19|          12|           1|
    |ap_block_pp0_stage0_11001       |       and|   0|  0|   2|           1|           1|
    |ap_block_pp0_stage0_11001_grp1  |       and|   0|  0|   2|           1|           1|
    |ap_block_pp0_stage0_11001_grp2  |       and|   0|  0|   2|           1|           1|
    |icmp_ln103_fu_678_p2            |      icmp|   0|  0|  19|          12|          12|
    |ap_enable_pp0                   |       xor|   0|  0|   2|           1|           2|
    +--------------------------------+----------+----+---+----+------------+------------+
    |Total                           |          |   0|  0|  46|          28|          18|
    +--------------------------------+----------+----+---+----+------------+------------+

    * Multiplexer: 
    +-------------------------+----+-----------+-----+-----------+
    |           Name          | LUT| Input Size| Bits| Total Bits|
    +-------------------------+----+-----------+-----+-----------+
    |ap_done_int              |   9|          2|    1|          2|
    |ap_enable_reg_pp0_iter1  |   9|          2|    1|          2|
    |ap_sig_allocacmp_p_2     |   9|          2|   12|         24|
    |gmem0_blk_n_R            |   9|          2|    1|          2|
    |gmem1_blk_n_R            |   9|          2|    1|          2|
    |p_fu_156                 |   9|          2|   12|         24|
    +-------------------------+----+-----------+-----+-----------+
    |Total                    |  54|         12|   28|         56|
    +-------------------------+----+-----------+-----+-----------+

    * Register: 
    +-------------------------------------------+----+----+-----+-----------+
    |                    Name                   | FF | LUT| Bits| Const Bits|
    +-------------------------------------------+----+----+-----+-----------+
    |ap_CS_fsm                                  |   1|   0|    1|          0|
    |ap_block_pp0_stage0_subdone_grp0_done_reg  |   1|   0|    1|          0|
    |ap_block_pp0_stage0_subdone_grp1_done_reg  |   1|   0|    1|          0|
    |ap_block_pp0_stage0_subdone_grp2_done_reg  |   1|   0|    1|          0|
    |ap_done_reg                                |   1|   0|    1|          0|
    |ap_enable_reg_pp0_iter1                    |   1|   0|    1|          0|
    |ap_enable_reg_pp0_iter2                    |   1|   0|    1|          0|
    |ap_loop_exit_ready_pp0_iter1_reg           |   1|   0|    1|          0|
    |e0_10_reg_1116                             |  16|   0|   16|          0|
    |e0_11_reg_1126                             |  16|   0|   16|          0|
    |e0_12_reg_1136                             |  16|   0|   16|          0|
    |e0_13_reg_1146                             |  16|   0|   16|          0|
    |e0_14_reg_1156                             |  16|   0|   16|          0|
    |e0_15_reg_1166                             |  16|   0|   16|          0|
    |e0_1_reg_1026                              |  16|   0|   16|          0|
    |e0_2_reg_1036                              |  16|   0|   16|          0|
    |e0_3_reg_1046                              |  16|   0|   16|          0|
    |e0_4_reg_1056                              |  16|   0|   16|          0|
    |e0_5_reg_1066                              |  16|   0|   16|          0|
    |e0_6_reg_1076                              |  16|   0|   16|          0|
    |e0_7_reg_1086                              |  16|   0|   16|          0|
    |e0_8_reg_1096                              |  16|   0|   16|          0|
    |e0_9_reg_1106                              |  16|   0|   16|          0|
    |e0_reg_1016                                |  16|   0|   16|          0|
    |e1_10_reg_1121                             |  16|   0|   16|          0|
    |e1_11_reg_1131                             |  16|   0|   16|          0|
    |e1_12_reg_1141                             |  16|   0|   16|          0|
    |e1_13_reg_1151                             |  16|   0|   16|          0|
    |e1_14_reg_1161                             |  16|   0|   16|          0|
    |e1_15_reg_1171                             |  16|   0|   16|          0|
    |e1_1_reg_1031                              |  16|   0|   16|          0|
    |e1_2_reg_1041                              |  16|   0|   16|          0|
    |e1_3_reg_1051                              |  16|   0|   16|          0|
    |e1_4_reg_1061                              |  16|   0|   16|          0|
    |e1_5_reg_1071                              |  16|   0|   16|          0|
    |e1_6_reg_1081                              |  16|   0|   16|          0|
    |e1_7_reg_1091                              |  16|   0|   16|          0|
    |e1_8_reg_1101                              |  16|   0|   16|          0|
    |e1_9_reg_1111                              |  16|   0|   16|          0|
    |e1_reg_1021                                |  16|   0|   16|          0|
    |p_2_reg_1007                               |  12|   0|   12|          0|
    |p_2_reg_1007_pp0_iter1_reg                 |  12|   0|   12|          0|
    |p_fu_156                                   |  12|   0|   12|          0|
    +-------------------------------------------+----+----+-----+-----------+
    |Total                                      | 556|   0|  556|          0|
    +-------------------------------------------+----+----+-----+-----------+



================================================================
== Interface
================================================================
* Summary: 
+---------------------------------------------------------------------------------------+-----+-----+------------+------------------------------------------------------------------------------+--------------+
|                                       RTL Ports                                       | Dir | Bits|  Protocol  |                                 Source Object                                |    C Type    |
+---------------------------------------------------------------------------------------+-----+-----+------------+------------------------------------------------------------------------------+--------------+
|ap_clk                                                                                 |   in|    1|  ap_ctrl_hs|                              activation_accelerator_Pipeline_VITIS_LOOP_103_1|  return value|
|ap_rst                                                                                 |   in|    1|  ap_ctrl_hs|                              activation_accelerator_Pipeline_VITIS_LOOP_103_1|  return value|
|ap_start                                                                               |   in|    1|  ap_ctrl_hs|                              activation_accelerator_Pipeline_VITIS_LOOP_103_1|  return value|
|ap_done                                                                                |  out|    1|  ap_ctrl_hs|                              activation_accelerator_Pipeline_VITIS_LOOP_103_1|  return value|
|ap_idle                                                                                |  out|    1|  ap_ctrl_hs|                              activation_accelerator_Pipeline_VITIS_LOOP_103_1|  return value|
|ap_ready                                                                               |  out|    1|  ap_ctrl_hs|                              activation_accelerator_Pipeline_VITIS_LOOP_103_1|  return value|
|m_axi_gmem0_0_AWVALID                                                                  |  out|    1|       m_axi|                                                                         gmem0|       pointer|
|m_axi_gmem0_0_AWREADY                                                                  |   in|    1|       m_axi|                                                                         gmem0|       pointer|
|m_axi_gmem0_0_AWADDR                                                                   |  out|   64|       m_axi|                                                                         gmem0|       pointer|
|m_axi_gmem0_0_AWID                                                                     |  out|    1|       m_axi|                                                                         gmem0|       pointer|
|m_axi_gmem0_0_AWLEN                                                                    |  out|   32|       m_axi|                                                                         gmem0|       pointer|
|m_axi_gmem0_0_AWSIZE                                                                   |  out|    3|       m_axi|                                                                         gmem0|       pointer|
|m_axi_gmem0_0_AWBURST                                                                  |  out|    2|       m_axi|                                                                         gmem0|       pointer|
|m_axi_gmem0_0_AWLOCK                                                                   |  out|    2|       m_axi|                                                                         gmem0|       pointer|
|m_axi_gmem0_0_AWCACHE                                                                  |  out|    4|       m_axi|                                                                         gmem0|       pointer|
|m_axi_gmem0_0_AWPROT                                                                   |  out|    3|       m_axi|                                                                         gmem0|       pointer|
|m_axi_gmem0_0_AWQOS                                                                    |  out|    4|       m_axi|                                                                         gmem0|       pointer|
|m_axi_gmem0_0_AWREGION                                                                 |  out|    4|       m_axi|                                                                         gmem0|       pointer|
|m_axi_gmem0_0_AWUSER                                                                   |  out|    1|       m_axi|                                                                         gmem0|       pointer|
|m_axi_gmem0_0_WVALID                                                                   |  out|    1|       m_axi|                                                                         gmem0|       pointer|
|m_axi_gmem0_0_WREADY                                                                   |   in|    1|       m_axi|                                                                         gmem0|       pointer|
|m_axi_gmem0_0_WDATA                                                                    |  out|  256|       m_axi|                                                                         gmem0|       pointer|
|m_axi_gmem0_0_WSTRB                                                                    |  out|   32|       m_axi|                                                                         gmem0|       pointer|
|m_axi_gmem0_0_WLAST                                                                    |  out|    1|       m_axi|                                                                         gmem0|       pointer|
|m_axi_gmem0_0_WID                                                                      |  out|    1|       m_axi|                                                                         gmem0|       pointer|
|m_axi_gmem0_0_WUSER                                                                    |  out|    1|       m_axi|                                                                         gmem0|       pointer|
|m_axi_gmem0_0_ARVALID                                                                  |  out|    1|       m_axi|                                                                         gmem0|       pointer|
|m_axi_gmem0_0_ARREADY                                                                  |   in|    1|       m_axi|                                                                         gmem0|       pointer|
|m_axi_gmem0_0_ARADDR                                                                   |  out|   64|       m_axi|                                                                         gmem0|       pointer|
|m_axi_gmem0_0_ARID                                                                     |  out|    1|       m_axi|                                                                         gmem0|       pointer|
|m_axi_gmem0_0_ARLEN                                                                    |  out|   32|       m_axi|                                                                         gmem0|       pointer|
|m_axi_gmem0_0_ARSIZE                                                                   |  out|    3|       m_axi|                                                                         gmem0|       pointer|
|m_axi_gmem0_0_ARBURST                                                                  |  out|    2|       m_axi|                                                                         gmem0|       pointer|
|m_axi_gmem0_0_ARLOCK                                                                   |  out|    2|       m_axi|                                                                         gmem0|       pointer|
|m_axi_gmem0_0_ARCACHE                                                                  |  out|    4|       m_axi|                                                                         gmem0|       pointer|
|m_axi_gmem0_0_ARPROT                                                                   |  out|    3|       m_axi|                                                                         gmem0|       pointer|
|m_axi_gmem0_0_ARQOS                                                                    |  out|    4|       m_axi|                                                                         gmem0|       pointer|
|m_axi_gmem0_0_ARREGION                                                                 |  out|    4|       m_axi|                                                                         gmem0|       pointer|
|m_axi_gmem0_0_ARUSER                                                                   |  out|    1|       m_axi|                                                                         gmem0|       pointer|
|m_axi_gmem0_0_RVALID                                                                   |   in|    1|       m_axi|                                                                         gmem0|       pointer|
|m_axi_gmem0_0_RREADY                                                                   |  out|    1|       m_axi|                                                                         gmem0|       pointer|
|m_axi_gmem0_0_RDATA                                                                    |   in|  256|       m_axi|                                                                         gmem0|       pointer|
|m_axi_gmem0_0_RLAST                                                                    |   in|    1|       m_axi|                                                                         gmem0|       pointer|
|m_axi_gmem0_0_RID                                                                      |   in|    1|       m_axi|                                                                         gmem0|       pointer|
|m_axi_gmem0_0_RFIFONUM                                                                 |   in|    9|       m_axi|                                                                         gmem0|       pointer|
|m_axi_gmem0_0_RUSER                                                                    |   in|    1|       m_axi|                                                                         gmem0|       pointer|
|m_axi_gmem0_0_RRESP                                                                    |   in|    2|       m_axi|                                                                         gmem0|       pointer|
|m_axi_gmem0_0_BVALID                                                                   |   in|    1|       m_axi|                                                                         gmem0|       pointer|
|m_axi_gmem0_0_BREADY                                                                   |  out|    1|       m_axi|                                                                         gmem0|       pointer|
|m_axi_gmem0_0_BRESP                                                                    |   in|    2|       m_axi|                                                                         gmem0|       pointer|
|m_axi_gmem0_0_BID                                                                      |   in|    1|       m_axi|                                                                         gmem0|       pointer|
|m_axi_gmem0_0_BUSER                                                                    |   in|    1|       m_axi|                                                                         gmem0|       pointer|
|m_axi_gmem1_0_AWVALID                                                                  |  out|    1|       m_axi|                                                                         gmem1|       pointer|
|m_axi_gmem1_0_AWREADY                                                                  |   in|    1|       m_axi|                                                                         gmem1|       pointer|
|m_axi_gmem1_0_AWADDR                                                                   |  out|   64|       m_axi|                                                                         gmem1|       pointer|
|m_axi_gmem1_0_AWID                                                                     |  out|    1|       m_axi|                                                                         gmem1|       pointer|
|m_axi_gmem1_0_AWLEN                                                                    |  out|   32|       m_axi|                                                                         gmem1|       pointer|
|m_axi_gmem1_0_AWSIZE                                                                   |  out|    3|       m_axi|                                                                         gmem1|       pointer|
|m_axi_gmem1_0_AWBURST                                                                  |  out|    2|       m_axi|                                                                         gmem1|       pointer|
|m_axi_gmem1_0_AWLOCK                                                                   |  out|    2|       m_axi|                                                                         gmem1|       pointer|
|m_axi_gmem1_0_AWCACHE                                                                  |  out|    4|       m_axi|                                                                         gmem1|       pointer|
|m_axi_gmem1_0_AWPROT                                                                   |  out|    3|       m_axi|                                                                         gmem1|       pointer|
|m_axi_gmem1_0_AWQOS                                                                    |  out|    4|       m_axi|                                                                         gmem1|       pointer|
|m_axi_gmem1_0_AWREGION                                                                 |  out|    4|       m_axi|                                                                         gmem1|       pointer|
|m_axi_gmem1_0_AWUSER                                                                   |  out|    1|       m_axi|                                                                         gmem1|       pointer|
|m_axi_gmem1_0_WVALID                                                                   |  out|    1|       m_axi|                                                                         gmem1|       pointer|
|m_axi_gmem1_0_WREADY                                                                   |   in|    1|       m_axi|                                                                         gmem1|       pointer|
|m_axi_gmem1_0_WDATA                                                                    |  out|  256|       m_axi|                                                                         gmem1|       pointer|
|m_axi_gmem1_0_WSTRB                                                                    |  out|   32|       m_axi|                                                                         gmem1|       pointer|
|m_axi_gmem1_0_WLAST                                                                    |  out|    1|       m_axi|                                                                         gmem1|       pointer|
|m_axi_gmem1_0_WID                                                                      |  out|    1|       m_axi|                                                                         gmem1|       pointer|
|m_axi_gmem1_0_WUSER                                                                    |  out|    1|       m_axi|                                                                         gmem1|       pointer|
|m_axi_gmem1_0_ARVALID                                                                  |  out|    1|       m_axi|                                                                         gmem1|       pointer|
|m_axi_gmem1_0_ARREADY                                                                  |   in|    1|       m_axi|                                                                         gmem1|       pointer|
|m_axi_gmem1_0_ARADDR                                                                   |  out|   64|       m_axi|                                                                         gmem1|       pointer|
|m_axi_gmem1_0_ARID                                                                     |  out|    1|       m_axi|                                                                         gmem1|       pointer|
|m_axi_gmem1_0_ARLEN                                                                    |  out|   32|       m_axi|                                                                         gmem1|       pointer|
|m_axi_gmem1_0_ARSIZE                                                                   |  out|    3|       m_axi|                                                                         gmem1|       pointer|
|m_axi_gmem1_0_ARBURST                                                                  |  out|    2|       m_axi|                                                                         gmem1|       pointer|
|m_axi_gmem1_0_ARLOCK                                                                   |  out|    2|       m_axi|                                                                         gmem1|       pointer|
|m_axi_gmem1_0_ARCACHE                                                                  |  out|    4|       m_axi|                                                                         gmem1|       pointer|
|m_axi_gmem1_0_ARPROT                                                                   |  out|    3|       m_axi|                                                                         gmem1|       pointer|
|m_axi_gmem1_0_ARQOS                                                                    |  out|    4|       m_axi|                                                                         gmem1|       pointer|
|m_axi_gmem1_0_ARREGION                                                                 |  out|    4|       m_axi|                                                                         gmem1|       pointer|
|m_axi_gmem1_0_ARUSER                                                                   |  out|    1|       m_axi|                                                                         gmem1|       pointer|
|m_axi_gmem1_0_RVALID                                                                   |   in|    1|       m_axi|                                                                         gmem1|       pointer|
|m_axi_gmem1_0_RREADY                                                                   |  out|    1|       m_axi|                                                                         gmem1|       pointer|
|m_axi_gmem1_0_RDATA                                                                    |   in|  256|       m_axi|                                                                         gmem1|       pointer|
|m_axi_gmem1_0_RLAST                                                                    |   in|    1|       m_axi|                                                                         gmem1|       pointer|
|m_axi_gmem1_0_RID                                                                      |   in|    1|       m_axi|                                                                         gmem1|       pointer|
|m_axi_gmem1_0_RFIFONUM                                                                 |   in|    9|       m_axi|                                                                         gmem1|       pointer|
|m_axi_gmem1_0_RUSER                                                                    |   in|    1|       m_axi|                                                                         gmem1|       pointer|
|m_axi_gmem1_0_RRESP                                                                    |   in|    2|       m_axi|                                                                         gmem1|       pointer|
|m_axi_gmem1_0_BVALID                                                                   |   in|    1|       m_axi|                                                                         gmem1|       pointer|
|m_axi_gmem1_0_BREADY                                                                   |  out|    1|       m_axi|                                                                         gmem1|       pointer|
|m_axi_gmem1_0_BRESP                                                                    |   in|    2|       m_axi|                                                                         gmem1|       pointer|
|m_axi_gmem1_0_BID                                                                      |   in|    1|       m_axi|                                                                         gmem1|       pointer|
|m_axi_gmem1_0_BUSER                                                                    |   in|    1|       m_axi|                                                                         gmem1|       pointer|
|sext_ln103                                                                             |   in|   59|     ap_none|                                                                    sext_ln103|        scalar|
|sext_ln103_1                                                                           |   in|   59|     ap_none|                                                                  sext_ln103_1|        scalar|
|activation_accelerator_unsigned_short_unsigned_short_unsigned_short_int_i_29_address0  |  out|   12|   ap_memory|  activation_accelerator_unsigned_short_unsigned_short_unsigned_short_int_i_29|         array|
|activation_accelerator_unsigned_short_unsigned_short_unsigned_short_int_i_29_ce0       |  out|    1|   ap_memory|  activation_accelerator_unsigned_short_unsigned_short_unsigned_short_int_i_29|         array|
|activation_accelerator_unsigned_short_unsigned_short_unsigned_short_int_i_29_we0       |  out|    1|   ap_memory|  activation_accelerator_unsigned_short_unsigned_short_unsigned_short_int_i_29|         array|
|activation_accelerator_unsigned_short_unsigned_short_unsigned_short_int_i_29_d0        |  out|   16|   ap_memory|  activation_accelerator_unsigned_short_unsigned_short_unsigned_short_int_i_29|         array|
|activation_accelerator_unsigned_short_unsigned_short_unsigned_short_int_i_28_address0  |  out|   12|   ap_memory|  activation_accelerator_unsigned_short_unsigned_short_unsigned_short_int_i_28|         array|
|activation_accelerator_unsigned_short_unsigned_short_unsigned_short_int_i_28_ce0       |  out|    1|   ap_memory|  activation_accelerator_unsigned_short_unsigned_short_unsigned_short_int_i_28|         array|
|activation_accelerator_unsigned_short_unsigned_short_unsigned_short_int_i_28_we0       |  out|    1|   ap_memory|  activation_accelerator_unsigned_short_unsigned_short_unsigned_short_int_i_28|         array|
|activation_accelerator_unsigned_short_unsigned_short_unsigned_short_int_i_28_d0        |  out|   16|   ap_memory|  activation_accelerator_unsigned_short_unsigned_short_unsigned_short_int_i_28|         array|
|activation_accelerator_unsigned_short_unsigned_short_unsigned_short_int_i_27_address0  |  out|   12|   ap_memory|  activation_accelerator_unsigned_short_unsigned_short_unsigned_short_int_i_27|         array|
|activation_accelerator_unsigned_short_unsigned_short_unsigned_short_int_i_27_ce0       |  out|    1|   ap_memory|  activation_accelerator_unsigned_short_unsigned_short_unsigned_short_int_i_27|         array|
|activation_accelerator_unsigned_short_unsigned_short_unsigned_short_int_i_27_we0       |  out|    1|   ap_memory|  activation_accelerator_unsigned_short_unsigned_short_unsigned_short_int_i_27|         array|
|activation_accelerator_unsigned_short_unsigned_short_unsigned_short_int_i_27_d0        |  out|   16|   ap_memory|  activation_accelerator_unsigned_short_unsigned_short_unsigned_short_int_i_27|         array|
|activation_accelerator_unsigned_short_unsigned_short_unsigned_short_int_i_26_address0  |  out|   12|   ap_memory|  activation_accelerator_unsigned_short_unsigned_short_unsigned_short_int_i_26|         array|
|activation_accelerator_unsigned_short_unsigned_short_unsigned_short_int_i_26_ce0       |  out|    1|   ap_memory|  activation_accelerator_unsigned_short_unsigned_short_unsigned_short_int_i_26|         array|
|activation_accelerator_unsigned_short_unsigned_short_unsigned_short_int_i_26_we0       |  out|    1|   ap_memory|  activation_accelerator_unsigned_short_unsigned_short_unsigned_short_int_i_26|         array|
|activation_accelerator_unsigned_short_unsigned_short_unsigned_short_int_i_26_d0        |  out|   16|   ap_memory|  activation_accelerator_unsigned_short_unsigned_short_unsigned_short_int_i_26|         array|
|activation_accelerator_unsigned_short_unsigned_short_unsigned_short_int_i_25_address0  |  out|   12|   ap_memory|  activation_accelerator_unsigned_short_unsigned_short_unsigned_short_int_i_25|         array|
|activation_accelerator_unsigned_short_unsigned_short_unsigned_short_int_i_25_ce0       |  out|    1|   ap_memory|  activation_accelerator_unsigned_short_unsigned_short_unsigned_short_int_i_25|         array|
|activation_accelerator_unsigned_short_unsigned_short_unsigned_short_int_i_25_we0       |  out|    1|   ap_memory|  activation_accelerator_unsigned_short_unsigned_short_unsigned_short_int_i_25|         array|
|activation_accelerator_unsigned_short_unsigned_short_unsigned_short_int_i_25_d0        |  out|   16|   ap_memory|  activation_accelerator_unsigned_short_unsigned_short_unsigned_short_int_i_25|         array|
|activation_accelerator_unsigned_short_unsigned_short_unsigned_short_int_i_24_address0  |  out|   12|   ap_memory|  activation_accelerator_unsigned_short_unsigned_short_unsigned_short_int_i_24|         array|
|activation_accelerator_unsigned_short_unsigned_short_unsigned_short_int_i_24_ce0       |  out|    1|   ap_memory|  activation_accelerator_unsigned_short_unsigned_short_unsigned_short_int_i_24|         array|
|activation_accelerator_unsigned_short_unsigned_short_unsigned_short_int_i_24_we0       |  out|    1|   ap_memory|  activation_accelerator_unsigned_short_unsigned_short_unsigned_short_int_i_24|         array|
|activation_accelerator_unsigned_short_unsigned_short_unsigned_short_int_i_24_d0        |  out|   16|   ap_memory|  activation_accelerator_unsigned_short_unsigned_short_unsigned_short_int_i_24|         array|
|activation_accelerator_unsigned_short_unsigned_short_unsigned_short_int_i_23_address0  |  out|   12|   ap_memory|  activation_accelerator_unsigned_short_unsigned_short_unsigned_short_int_i_23|         array|
|activation_accelerator_unsigned_short_unsigned_short_unsigned_short_int_i_23_ce0       |  out|    1|   ap_memory|  activation_accelerator_unsigned_short_unsigned_short_unsigned_short_int_i_23|         array|
|activation_accelerator_unsigned_short_unsigned_short_unsigned_short_int_i_23_we0       |  out|    1|   ap_memory|  activation_accelerator_unsigned_short_unsigned_short_unsigned_short_int_i_23|         array|
|activation_accelerator_unsigned_short_unsigned_short_unsigned_short_int_i_23_d0        |  out|   16|   ap_memory|  activation_accelerator_unsigned_short_unsigned_short_unsigned_short_int_i_23|         array|
|activation_accelerator_unsigned_short_unsigned_short_unsigned_short_int_i_22_address0  |  out|   12|   ap_memory|  activation_accelerator_unsigned_short_unsigned_short_unsigned_short_int_i_22|         array|
|activation_accelerator_unsigned_short_unsigned_short_unsigned_short_int_i_22_ce0       |  out|    1|   ap_memory|  activation_accelerator_unsigned_short_unsigned_short_unsigned_short_int_i_22|         array|
|activation_accelerator_unsigned_short_unsigned_short_unsigned_short_int_i_22_we0       |  out|    1|   ap_memory|  activation_accelerator_unsigned_short_unsigned_short_unsigned_short_int_i_22|         array|
|activation_accelerator_unsigned_short_unsigned_short_unsigned_short_int_i_22_d0        |  out|   16|   ap_memory|  activation_accelerator_unsigned_short_unsigned_short_unsigned_short_int_i_22|         array|
|activation_accelerator_unsigned_short_unsigned_short_unsigned_short_int_i_21_address0  |  out|   12|   ap_memory|  activation_accelerator_unsigned_short_unsigned_short_unsigned_short_int_i_21|         array|
|activation_accelerator_unsigned_short_unsigned_short_unsigned_short_int_i_21_ce0       |  out|    1|   ap_memory|  activation_accelerator_unsigned_short_unsigned_short_unsigned_short_int_i_21|         array|
|activation_accelerator_unsigned_short_unsigned_short_unsigned_short_int_i_21_we0       |  out|    1|   ap_memory|  activation_accelerator_unsigned_short_unsigned_short_unsigned_short_int_i_21|         array|
|activation_accelerator_unsigned_short_unsigned_short_unsigned_short_int_i_21_d0        |  out|   16|   ap_memory|  activation_accelerator_unsigned_short_unsigned_short_unsigned_short_int_i_21|         array|
|activation_accelerator_unsigned_short_unsigned_short_unsigned_short_int_i_20_address0  |  out|   12|   ap_memory|  activation_accelerator_unsigned_short_unsigned_short_unsigned_short_int_i_20|         array|
|activation_accelerator_unsigned_short_unsigned_short_unsigned_short_int_i_20_ce0       |  out|    1|   ap_memory|  activation_accelerator_unsigned_short_unsigned_short_unsigned_short_int_i_20|         array|
|activation_accelerator_unsigned_short_unsigned_short_unsigned_short_int_i_20_we0       |  out|    1|   ap_memory|  activation_accelerator_unsigned_short_unsigned_short_unsigned_short_int_i_20|         array|
|activation_accelerator_unsigned_short_unsigned_short_unsigned_short_int_i_20_d0        |  out|   16|   ap_memory|  activation_accelerator_unsigned_short_unsigned_short_unsigned_short_int_i_20|         array|
|p_ZZ22activation_acceleratorPtS_S_iiE10buf0_banks_10_address0                          |  out|   12|   ap_memory|                          p_ZZ22activation_acceleratorPtS_S_iiE10buf0_banks_10|         array|
|p_ZZ22activation_acceleratorPtS_S_iiE10buf0_banks_10_ce0                               |  out|    1|   ap_memory|                          p_ZZ22activation_acceleratorPtS_S_iiE10buf0_banks_10|         array|
|p_ZZ22activation_acceleratorPtS_S_iiE10buf0_banks_10_we0                               |  out|    1|   ap_memory|                          p_ZZ22activation_acceleratorPtS_S_iiE10buf0_banks_10|         array|
|p_ZZ22activation_acceleratorPtS_S_iiE10buf0_banks_10_d0                                |  out|   16|   ap_memory|                          p_ZZ22activation_acceleratorPtS_S_iiE10buf0_banks_10|         array|
|p_ZZ22activation_acceleratorPtS_S_iiE10buf0_banks_11_address0                          |  out|   12|   ap_memory|                          p_ZZ22activation_acceleratorPtS_S_iiE10buf0_banks_11|         array|
|p_ZZ22activation_acceleratorPtS_S_iiE10buf0_banks_11_ce0                               |  out|    1|   ap_memory|                          p_ZZ22activation_acceleratorPtS_S_iiE10buf0_banks_11|         array|
|p_ZZ22activation_acceleratorPtS_S_iiE10buf0_banks_11_we0                               |  out|    1|   ap_memory|                          p_ZZ22activation_acceleratorPtS_S_iiE10buf0_banks_11|         array|
|p_ZZ22activation_acceleratorPtS_S_iiE10buf0_banks_11_d0                                |  out|   16|   ap_memory|                          p_ZZ22activation_acceleratorPtS_S_iiE10buf0_banks_11|         array|
|p_ZZ22activation_acceleratorPtS_S_iiE10buf0_banks_12_address0                          |  out|   12|   ap_memory|                          p_ZZ22activation_acceleratorPtS_S_iiE10buf0_banks_12|         array|
|p_ZZ22activation_acceleratorPtS_S_iiE10buf0_banks_12_ce0                               |  out|    1|   ap_memory|                          p_ZZ22activation_acceleratorPtS_S_iiE10buf0_banks_12|         array|
|p_ZZ22activation_acceleratorPtS_S_iiE10buf0_banks_12_we0                               |  out|    1|   ap_memory|                          p_ZZ22activation_acceleratorPtS_S_iiE10buf0_banks_12|         array|
|p_ZZ22activation_acceleratorPtS_S_iiE10buf0_banks_12_d0                                |  out|   16|   ap_memory|                          p_ZZ22activation_acceleratorPtS_S_iiE10buf0_banks_12|         array|
|p_ZZ22activation_acceleratorPtS_S_iiE10buf0_banks_13_address0                          |  out|   12|   ap_memory|                          p_ZZ22activation_acceleratorPtS_S_iiE10buf0_banks_13|         array|
|p_ZZ22activation_acceleratorPtS_S_iiE10buf0_banks_13_ce0                               |  out|    1|   ap_memory|                          p_ZZ22activation_acceleratorPtS_S_iiE10buf0_banks_13|         array|
|p_ZZ22activation_acceleratorPtS_S_iiE10buf0_banks_13_we0                               |  out|    1|   ap_memory|                          p_ZZ22activation_acceleratorPtS_S_iiE10buf0_banks_13|         array|
|p_ZZ22activation_acceleratorPtS_S_iiE10buf0_banks_13_d0                                |  out|   16|   ap_memory|                          p_ZZ22activation_acceleratorPtS_S_iiE10buf0_banks_13|         array|
|p_ZZ22activation_acceleratorPtS_S_iiE10buf0_banks_14_address0                          |  out|   12|   ap_memory|                          p_ZZ22activation_acceleratorPtS_S_iiE10buf0_banks_14|         array|
|p_ZZ22activation_acceleratorPtS_S_iiE10buf0_banks_14_ce0                               |  out|    1|   ap_memory|                          p_ZZ22activation_acceleratorPtS_S_iiE10buf0_banks_14|         array|
|p_ZZ22activation_acceleratorPtS_S_iiE10buf0_banks_14_we0                               |  out|    1|   ap_memory|                          p_ZZ22activation_acceleratorPtS_S_iiE10buf0_banks_14|         array|
|p_ZZ22activation_acceleratorPtS_S_iiE10buf0_banks_14_d0                                |  out|   16|   ap_memory|                          p_ZZ22activation_acceleratorPtS_S_iiE10buf0_banks_14|         array|
|p_ZZ22activation_acceleratorPtS_S_iiE10buf0_banks_15_address0                          |  out|   12|   ap_memory|                          p_ZZ22activation_acceleratorPtS_S_iiE10buf0_banks_15|         array|
|p_ZZ22activation_acceleratorPtS_S_iiE10buf0_banks_15_ce0                               |  out|    1|   ap_memory|                          p_ZZ22activation_acceleratorPtS_S_iiE10buf0_banks_15|         array|
|p_ZZ22activation_acceleratorPtS_S_iiE10buf0_banks_15_we0                               |  out|    1|   ap_memory|                          p_ZZ22activation_acceleratorPtS_S_iiE10buf0_banks_15|         array|
|p_ZZ22activation_acceleratorPtS_S_iiE10buf0_banks_15_d0                                |  out|   16|   ap_memory|                          p_ZZ22activation_acceleratorPtS_S_iiE10buf0_banks_15|         array|
|activation_accelerator_unsigned_short_unsigned_short_unsigned_short_int_i_19_address1  |  out|   12|   ap_memory|  activation_accelerator_unsigned_short_unsigned_short_unsigned_short_int_i_19|         array|
|activation_accelerator_unsigned_short_unsigned_short_unsigned_short_int_i_19_ce1       |  out|    1|   ap_memory|  activation_accelerator_unsigned_short_unsigned_short_unsigned_short_int_i_19|         array|
|activation_accelerator_unsigned_short_unsigned_short_unsigned_short_int_i_19_we1       |  out|    1|   ap_memory|  activation_accelerator_unsigned_short_unsigned_short_unsigned_short_int_i_19|         array|
|activation_accelerator_unsigned_short_unsigned_short_unsigned_short_int_i_19_d1        |  out|   16|   ap_memory|  activation_accelerator_unsigned_short_unsigned_short_unsigned_short_int_i_19|         array|
|activation_accelerator_unsigned_short_unsigned_short_unsigned_short_int_i_18_address1  |  out|   12|   ap_memory|  activation_accelerator_unsigned_short_unsigned_short_unsigned_short_int_i_18|         array|
|activation_accelerator_unsigned_short_unsigned_short_unsigned_short_int_i_18_ce1       |  out|    1|   ap_memory|  activation_accelerator_unsigned_short_unsigned_short_unsigned_short_int_i_18|         array|
|activation_accelerator_unsigned_short_unsigned_short_unsigned_short_int_i_18_we1       |  out|    1|   ap_memory|  activation_accelerator_unsigned_short_unsigned_short_unsigned_short_int_i_18|         array|
|activation_accelerator_unsigned_short_unsigned_short_unsigned_short_int_i_18_d1        |  out|   16|   ap_memory|  activation_accelerator_unsigned_short_unsigned_short_unsigned_short_int_i_18|         array|
|activation_accelerator_unsigned_short_unsigned_short_unsigned_short_int_i_17_address1  |  out|   12|   ap_memory|  activation_accelerator_unsigned_short_unsigned_short_unsigned_short_int_i_17|         array|
|activation_accelerator_unsigned_short_unsigned_short_unsigned_short_int_i_17_ce1       |  out|    1|   ap_memory|  activation_accelerator_unsigned_short_unsigned_short_unsigned_short_int_i_17|         array|
|activation_accelerator_unsigned_short_unsigned_short_unsigned_short_int_i_17_we1       |  out|    1|   ap_memory|  activation_accelerator_unsigned_short_unsigned_short_unsigned_short_int_i_17|         array|
|activation_accelerator_unsigned_short_unsigned_short_unsigned_short_int_i_17_d1        |  out|   16|   ap_memory|  activation_accelerator_unsigned_short_unsigned_short_unsigned_short_int_i_17|         array|
|activation_accelerator_unsigned_short_unsigned_short_unsigned_short_int_i_16_address1  |  out|   12|   ap_memory|  activation_accelerator_unsigned_short_unsigned_short_unsigned_short_int_i_16|         array|
|activation_accelerator_unsigned_short_unsigned_short_unsigned_short_int_i_16_ce1       |  out|    1|   ap_memory|  activation_accelerator_unsigned_short_unsigned_short_unsigned_short_int_i_16|         array|
|activation_accelerator_unsigned_short_unsigned_short_unsigned_short_int_i_16_we1       |  out|    1|   ap_memory|  activation_accelerator_unsigned_short_unsigned_short_unsigned_short_int_i_16|         array|
|activation_accelerator_unsigned_short_unsigned_short_unsigned_short_int_i_16_d1        |  out|   16|   ap_memory|  activation_accelerator_unsigned_short_unsigned_short_unsigned_short_int_i_16|         array|
|activation_accelerator_unsigned_short_unsigned_short_unsigned_short_int_i_15_address1  |  out|   12|   ap_memory|  activation_accelerator_unsigned_short_unsigned_short_unsigned_short_int_i_15|         array|
|activation_accelerator_unsigned_short_unsigned_short_unsigned_short_int_i_15_ce1       |  out|    1|   ap_memory|  activation_accelerator_unsigned_short_unsigned_short_unsigned_short_int_i_15|         array|
|activation_accelerator_unsigned_short_unsigned_short_unsigned_short_int_i_15_we1       |  out|    1|   ap_memory|  activation_accelerator_unsigned_short_unsigned_short_unsigned_short_int_i_15|         array|
|activation_accelerator_unsigned_short_unsigned_short_unsigned_short_int_i_15_d1        |  out|   16|   ap_memory|  activation_accelerator_unsigned_short_unsigned_short_unsigned_short_int_i_15|         array|
|activation_accelerator_unsigned_short_unsigned_short_unsigned_short_int_i_14_address1  |  out|   12|   ap_memory|  activation_accelerator_unsigned_short_unsigned_short_unsigned_short_int_i_14|         array|
|activation_accelerator_unsigned_short_unsigned_short_unsigned_short_int_i_14_ce1       |  out|    1|   ap_memory|  activation_accelerator_unsigned_short_unsigned_short_unsigned_short_int_i_14|         array|
|activation_accelerator_unsigned_short_unsigned_short_unsigned_short_int_i_14_we1       |  out|    1|   ap_memory|  activation_accelerator_unsigned_short_unsigned_short_unsigned_short_int_i_14|         array|
|activation_accelerator_unsigned_short_unsigned_short_unsigned_short_int_i_14_d1        |  out|   16|   ap_memory|  activation_accelerator_unsigned_short_unsigned_short_unsigned_short_int_i_14|         array|
|activation_accelerator_unsigned_short_unsigned_short_unsigned_short_int_i_13_address1  |  out|   12|   ap_memory|  activation_accelerator_unsigned_short_unsigned_short_unsigned_short_int_i_13|         array|
|activation_accelerator_unsigned_short_unsigned_short_unsigned_short_int_i_13_ce1       |  out|    1|   ap_memory|  activation_accelerator_unsigned_short_unsigned_short_unsigned_short_int_i_13|         array|
|activation_accelerator_unsigned_short_unsigned_short_unsigned_short_int_i_13_we1       |  out|    1|   ap_memory|  activation_accelerator_unsigned_short_unsigned_short_unsigned_short_int_i_13|         array|
|activation_accelerator_unsigned_short_unsigned_short_unsigned_short_int_i_13_d1        |  out|   16|   ap_memory|  activation_accelerator_unsigned_short_unsigned_short_unsigned_short_int_i_13|         array|
|activation_accelerator_unsigned_short_unsigned_short_unsigned_short_int_i_12_address1  |  out|   12|   ap_memory|  activation_accelerator_unsigned_short_unsigned_short_unsigned_short_int_i_12|         array|
|activation_accelerator_unsigned_short_unsigned_short_unsigned_short_int_i_12_ce1       |  out|    1|   ap_memory|  activation_accelerator_unsigned_short_unsigned_short_unsigned_short_int_i_12|         array|
|activation_accelerator_unsigned_short_unsigned_short_unsigned_short_int_i_12_we1       |  out|    1|   ap_memory|  activation_accelerator_unsigned_short_unsigned_short_unsigned_short_int_i_12|         array|
|activation_accelerator_unsigned_short_unsigned_short_unsigned_short_int_i_12_d1        |  out|   16|   ap_memory|  activation_accelerator_unsigned_short_unsigned_short_unsigned_short_int_i_12|         array|
|activation_accelerator_unsigned_short_unsigned_short_unsigned_short_int_i_11_address1  |  out|   12|   ap_memory|  activation_accelerator_unsigned_short_unsigned_short_unsigned_short_int_i_11|         array|
|activation_accelerator_unsigned_short_unsigned_short_unsigned_short_int_i_11_ce1       |  out|    1|   ap_memory|  activation_accelerator_unsigned_short_unsigned_short_unsigned_short_int_i_11|         array|
|activation_accelerator_unsigned_short_unsigned_short_unsigned_short_int_i_11_we1       |  out|    1|   ap_memory|  activation_accelerator_unsigned_short_unsigned_short_unsigned_short_int_i_11|         array|
|activation_accelerator_unsigned_short_unsigned_short_unsigned_short_int_i_11_d1        |  out|   16|   ap_memory|  activation_accelerator_unsigned_short_unsigned_short_unsigned_short_int_i_11|         array|
|activation_accelerator_unsigned_short_unsigned_short_unsigned_short_int_i_10_address1  |  out|   12|   ap_memory|  activation_accelerator_unsigned_short_unsigned_short_unsigned_short_int_i_10|         array|
|activation_accelerator_unsigned_short_unsigned_short_unsigned_short_int_i_10_ce1       |  out|    1|   ap_memory|  activation_accelerator_unsigned_short_unsigned_short_unsigned_short_int_i_10|         array|
|activation_accelerator_unsigned_short_unsigned_short_unsigned_short_int_i_10_we1       |  out|    1|   ap_memory|  activation_accelerator_unsigned_short_unsigned_short_unsigned_short_int_i_10|         array|
|activation_accelerator_unsigned_short_unsigned_short_unsigned_short_int_i_10_d1        |  out|   16|   ap_memory|  activation_accelerator_unsigned_short_unsigned_short_unsigned_short_int_i_10|         array|
|p_ZZ22activation_acceleratorPtS_S_iiE10buf1_banks_10_address1                          |  out|   12|   ap_memory|                          p_ZZ22activation_acceleratorPtS_S_iiE10buf1_banks_10|         array|
|p_ZZ22activation_acceleratorPtS_S_iiE10buf1_banks_10_ce1                               |  out|    1|   ap_memory|                          p_ZZ22activation_acceleratorPtS_S_iiE10buf1_banks_10|         array|
|p_ZZ22activation_acceleratorPtS_S_iiE10buf1_banks_10_we1                               |  out|    1|   ap_memory|                          p_ZZ22activation_acceleratorPtS_S_iiE10buf1_banks_10|         array|
|p_ZZ22activation_acceleratorPtS_S_iiE10buf1_banks_10_d1                                |  out|   16|   ap_memory|                          p_ZZ22activation_acceleratorPtS_S_iiE10buf1_banks_10|         array|
|p_ZZ22activation_acceleratorPtS_S_iiE10buf1_banks_11_address1                          |  out|   12|   ap_memory|                          p_ZZ22activation_acceleratorPtS_S_iiE10buf1_banks_11|         array|
|p_ZZ22activation_acceleratorPtS_S_iiE10buf1_banks_11_ce1                               |  out|    1|   ap_memory|                          p_ZZ22activation_acceleratorPtS_S_iiE10buf1_banks_11|         array|
|p_ZZ22activation_acceleratorPtS_S_iiE10buf1_banks_11_we1                               |  out|    1|   ap_memory|                          p_ZZ22activation_acceleratorPtS_S_iiE10buf1_banks_11|         array|
|p_ZZ22activation_acceleratorPtS_S_iiE10buf1_banks_11_d1                                |  out|   16|   ap_memory|                          p_ZZ22activation_acceleratorPtS_S_iiE10buf1_banks_11|         array|
|p_ZZ22activation_acceleratorPtS_S_iiE10buf1_banks_12_address1                          |  out|   12|   ap_memory|                          p_ZZ22activation_acceleratorPtS_S_iiE10buf1_banks_12|         array|
|p_ZZ22activation_acceleratorPtS_S_iiE10buf1_banks_12_ce1                               |  out|    1|   ap_memory|                          p_ZZ22activation_acceleratorPtS_S_iiE10buf1_banks_12|         array|
|p_ZZ22activation_acceleratorPtS_S_iiE10buf1_banks_12_we1                               |  out|    1|   ap_memory|                          p_ZZ22activation_acceleratorPtS_S_iiE10buf1_banks_12|         array|
|p_ZZ22activation_acceleratorPtS_S_iiE10buf1_banks_12_d1                                |  out|   16|   ap_memory|                          p_ZZ22activation_acceleratorPtS_S_iiE10buf1_banks_12|         array|
|p_ZZ22activation_acceleratorPtS_S_iiE10buf1_banks_13_address1                          |  out|   12|   ap_memory|                          p_ZZ22activation_acceleratorPtS_S_iiE10buf1_banks_13|         array|
|p_ZZ22activation_acceleratorPtS_S_iiE10buf1_banks_13_ce1                               |  out|    1|   ap_memory|                          p_ZZ22activation_acceleratorPtS_S_iiE10buf1_banks_13|         array|
|p_ZZ22activation_acceleratorPtS_S_iiE10buf1_banks_13_we1                               |  out|    1|   ap_memory|                          p_ZZ22activation_acceleratorPtS_S_iiE10buf1_banks_13|         array|
|p_ZZ22activation_acceleratorPtS_S_iiE10buf1_banks_13_d1                                |  out|   16|   ap_memory|                          p_ZZ22activation_acceleratorPtS_S_iiE10buf1_banks_13|         array|
|p_ZZ22activation_acceleratorPtS_S_iiE10buf1_banks_14_address1                          |  out|   12|   ap_memory|                          p_ZZ22activation_acceleratorPtS_S_iiE10buf1_banks_14|         array|
|p_ZZ22activation_acceleratorPtS_S_iiE10buf1_banks_14_ce1                               |  out|    1|   ap_memory|                          p_ZZ22activation_acceleratorPtS_S_iiE10buf1_banks_14|         array|
|p_ZZ22activation_acceleratorPtS_S_iiE10buf1_banks_14_we1                               |  out|    1|   ap_memory|                          p_ZZ22activation_acceleratorPtS_S_iiE10buf1_banks_14|         array|
|p_ZZ22activation_acceleratorPtS_S_iiE10buf1_banks_14_d1                                |  out|   16|   ap_memory|                          p_ZZ22activation_acceleratorPtS_S_iiE10buf1_banks_14|         array|
|p_ZZ22activation_acceleratorPtS_S_iiE10buf1_banks_15_address1                          |  out|   12|   ap_memory|                          p_ZZ22activation_acceleratorPtS_S_iiE10buf1_banks_15|         array|
|p_ZZ22activation_acceleratorPtS_S_iiE10buf1_banks_15_ce1                               |  out|    1|   ap_memory|                          p_ZZ22activation_acceleratorPtS_S_iiE10buf1_banks_15|         array|
|p_ZZ22activation_acceleratorPtS_S_iiE10buf1_banks_15_we1                               |  out|    1|   ap_memory|                          p_ZZ22activation_acceleratorPtS_S_iiE10buf1_banks_15|         array|
|p_ZZ22activation_acceleratorPtS_S_iiE10buf1_banks_15_d1                                |  out|   16|   ap_memory|                          p_ZZ22activation_acceleratorPtS_S_iiE10buf1_banks_15|         array|
+---------------------------------------------------------------------------------------+-----+-----+------------+------------------------------------------------------------------------------+--------------+

