

================================================================
== Vitis HLS Report for 'lut_erf'
================================================================
* Date:           Fri Nov  7 12:05:51 2025

* Version:        2024.2 (Build 5238294 on Nov  8 2024)
* Project:        activation_accelerator
* Solution:       baseline (Vivado IP Flow Target)
* Product family: zynquplus
* Target device:  xck26-sfvc784-2LV-c


================================================================
== Performance Estimates
================================================================
+ Timing: 
    * Summary: 
    +--------+----------+----------+------------+
    |  Clock |  Target  | Estimated| Uncertainty|
    +--------+----------+----------+------------+
    |ap_clk  |  10.00 ns|  7.016 ns|     2.70 ns|
    +--------+----------+----------+------------+

+ Latency: 
    * Summary: 
    +---------+---------+----------+----------+-----+-----+---------+
    |  Latency (cycles) |  Latency (absolute) |  Interval | Pipeline|
    |   min   |   max   |    min   |    max   | min | max |   Type  |
    +---------+---------+----------+----------+-----+-----+---------+
    |       22|       22|  0.220 us|  0.220 us|    1|    1|      yes|
    +---------+---------+----------+----------+-----+-----+---------+

    + Detail: 
        * Instance: 
        N/A

        * Loop: 
        N/A



================================================================
== Utilization Estimates
================================================================
* Summary: 
+-----------------+---------+------+--------+--------+-----+
|       Name      | BRAM_18K|  DSP |   FF   |   LUT  | URAM|
+-----------------+---------+------+--------+--------+-----+
|DSP              |        -|     -|       -|       -|    -|
|Expression       |        -|     -|       0|     699|    -|
|FIFO             |        -|     -|       -|       -|    -|
|Instance         |        -|    14|    1164|    1140|    -|
|Memory           |        1|     -|       0|       0|    -|
|Multiplexer      |        -|     -|       -|       -|    -|
|Register         |        -|     -|     821|     224|    -|
+-----------------+---------+------+--------+--------+-----+
|Total            |        1|    14|    1985|    2063|    0|
+-----------------+---------+------+--------+--------+-----+
|Available        |      288|  1248|  234240|  117120|   64|
+-----------------+---------+------+--------+--------+-----+
|Utilization (%)  |       ~0|     1|      ~0|       1|    0|
+-----------------+---------+------+--------+--------+-----+

+ Detail: 
    * Instance: 
    +-------------------------------------+--------------------------------+---------+----+-----+-----+-----+
    |               Instance              |             Module             | BRAM_18K| DSP|  FF | LUT | URAM|
    +-------------------------------------+--------------------------------+---------+----+-----+-----+-----+
    |fadd_32ns_32ns_32_4_full_dsp_1_U167  |fadd_32ns_32ns_32_4_full_dsp_1  |        0|   2|  227|  214|    0|
    |fadd_32ns_32ns_32_4_full_dsp_1_U170  |fadd_32ns_32ns_32_4_full_dsp_1  |        0|   2|  227|  214|    0|
    |fcmp_32ns_32ns_1_2_no_dsp_1_U174     |fcmp_32ns_32ns_1_2_no_dsp_1     |        0|   0|    0|    0|    0|
    |fcmp_32ns_32ns_1_2_no_dsp_1_U175     |fcmp_32ns_32ns_1_2_no_dsp_1     |        0|   0|    0|    0|    0|
    |fcmp_32ns_32ns_1_2_no_dsp_1_U176     |fcmp_32ns_32ns_1_2_no_dsp_1     |        0|   0|    0|    0|    0|
    |fmul_32ns_32ns_32_3_max_dsp_1_U171   |fmul_32ns_32ns_32_3_max_dsp_1   |        0|   3|  128|  135|    0|
    |fmul_32ns_32ns_32_3_max_dsp_1_U172   |fmul_32ns_32ns_32_3_max_dsp_1   |        0|   3|  128|  135|    0|
    |fsub_32ns_32ns_32_4_full_dsp_1_U168  |fsub_32ns_32ns_32_4_full_dsp_1  |        0|   2|  227|  214|    0|
    |fsub_32ns_32ns_32_4_full_dsp_1_U169  |fsub_32ns_32ns_32_4_full_dsp_1  |        0|   2|  227|  214|    0|
    |sitofp_32ns_32_4_no_dsp_1_U173       |sitofp_32ns_32_4_no_dsp_1       |        0|   0|    0|    0|    0|
    |sparsemux_9_3_32_1_1_U177            |sparsemux_9_3_32_1_1            |        0|   0|    0|   14|    0|
    +-------------------------------------+--------------------------------+---------+----+-----+-----+-----+
    |Total                                |                                |        0|  14| 1164| 1140|    0|
    +-------------------------------------+--------------------------------+---------+----+-----+-----+-----+

    * DSP: 
    N/A

    * Memory: 
    +-----------+-----------------------------+---------+---+----+-----+------+-----+------+-------------+
    |   Memory  |            Module           | BRAM_18K| FF| LUT| URAM| Words| Bits| Banks| W*Bits*Banks|
    +-----------+-----------------------------+---------+---+----+-----+------+-----+------+-------------+
    |erf_lut_U  |lut_erf_erf_lut_ROM_AUTO_1R  |        1|  0|   0|    0|   256|   32|     1|         8192|
    +-----------+-----------------------------+---------+---+----+-----+------+-----+------+-------------+
    |Total      |                             |        1|  0|   0|    0|   256|   32|     1|         8192|
    +-----------+-----------------------------+---------+---+----+-----+------+-----+------+-------------+

    * FIFO: 
    N/A

    * Expression: 
    +-----------------------+----------+----+---+-----+------------+------------+
    |     Variable Name     | Operation| DSP| FF| LUT | Bitwidth P0| Bitwidth P1|
    +-----------------------+----------+----+---+-----+------------+------------+
    |add_ln317_fu_232_p2    |         +|   0|  0|   16|           9|           8|
    |add_ln43_fu_332_p2     |         +|   0|  0|   15|           8|           1|
    |result_4_fu_312_p2     |         -|   0|  0|   39|           1|          32|
    |sub_ln18_fu_246_p2     |         -|   0|  0|   15|           7|           8|
    |and_ln35_1_fu_355_p2   |       and|   0|  0|    2|           1|           1|
    |and_ln35_fu_342_p2     |       and|   0|  0|    2|           1|           1|
    |and_ln36_1_fu_372_p2   |       and|   0|  0|    2|           1|           1|
    |and_ln36_fu_346_p2     |       and|   0|  0|    2|           1|           1|
    |icmp_ln35_1_fu_179_p2  |      icmp|   0|  0|   30|          23|           1|
    |icmp_ln35_fu_173_p2    |      icmp|   0|  0|   15|           8|           2|
    |lshr_ln18_fu_272_p2    |      lshr|   0|  0|  240|          79|          79|
    |or_ln35_1_fu_361_p2    |        or|   0|  0|    2|           1|           1|
    |or_ln35_fu_185_p2      |        or|   0|  0|    2|           1|           1|
    |result_fu_317_p3       |    select|   0|  0|   32|           1|          32|
    |select_ln18_fu_256_p3  |    select|   0|  0|    9|           1|           9|
    |val_fu_304_p3          |    select|   0|  0|   32|           1|          32|
    |shl_ln18_fu_278_p2     |       shl|   0|  0|  240|          79|          79|
    |xor_ln33_fu_350_p2     |       xor|   0|  0|    2|           1|           2|
    |xor_ln35_fu_366_p2     |       xor|   0|  0|    2|           1|           2|
    +-----------------------+----------+----+---+-----+------------+------------+
    |Total                  |          |   0|  0|  699|         225|         293|
    +-----------------------+----------+----+---+-----+------------+------------+

    * Multiplexer: 
    N/A

    * Register: 
    +----------------------------------+----+----+-----+-----------+
    |               Name               | FF | LUT| Bits| Const Bits|
    +----------------------------------+----+----+-----+-----------+
    |cmp_reg_425                       |   1|   0|    1|          0|
    |conv7_reg_485                     |  32|   0|   32|          0|
    |erf_lut_load_1_reg_496            |  32|   0|   32|          0|
    |erf_lut_load_reg_490              |  32|   0|   32|          0|
    |idx_f_reg_447                     |  32|   0|   32|          0|
    |mul_reg_511                       |  32|   0|   32|          0|
    |or_ln35_reg_419                   |   1|   0|    1|          0|
    |ratio_reg_501                     |  32|   0|   32|          0|
    |result_reg_464                    |  32|   0|   32|          0|
    |sub2_reg_506                      |  32|   0|   32|          0|
    |sub_reg_442                       |  32|   0|   32|          0|
    |tmp_6_reg_432                     |   1|   0|    1|          0|
    |tmp_8_reg_437                     |   1|   0|    1|          0|
    |trunc_ln58_reg_470                |   8|   0|    8|          0|
    |trunc_ln58_reg_470_pp0_iter9_reg  |   8|   0|    8|          0|
    |val_reg_458                       |  32|   0|   32|          0|
    |x_int_reg                         |  32|   0|   32|          0|
    |xs_sign_reg_453                   |   1|   0|    1|          0|
    |cmp_reg_425                       |  64|  32|    1|          0|
    |erf_lut_load_reg_490              |  64|  32|   32|          0|
    |idx_f_reg_447                     |  64|  32|   32|          0|
    |or_ln35_reg_419                   |  64|  32|    1|          0|
    |result_reg_464                    |  64|  32|   32|          0|
    |tmp_6_reg_432                     |  64|  32|    1|          0|
    |tmp_8_reg_437                     |  64|  32|    1|          0|
    +----------------------------------+----+----+-----+-----------+
    |Total                             | 821| 224|  473|          0|
    +----------------------------------+----+----+-----+-----------+



================================================================
== Interface
================================================================
* Summary: 
+-----------+-----+-----+------------+--------------+--------------+
| RTL Ports | Dir | Bits|  Protocol  | Source Object|    C Type    |
+-----------+-----+-----+------------+--------------+--------------+
|ap_clk     |   in|    1|  ap_ctrl_hs|       lut_erf|  return value|
|ap_rst     |   in|    1|  ap_ctrl_hs|       lut_erf|  return value|
|ap_return  |  out|   32|  ap_ctrl_hs|       lut_erf|  return value|
|x          |   in|   32|     ap_none|             x|        scalar|
+-----------+-----+-----+------------+--------------+--------------+

